WARNING : Using CLI version 2.35.0 but project's `requirements.txt`
WARNING : is configured to use 1.4.0. Consider either installing
WARNING : CLI version 1.4.0 or running `pretext update`
WARNING : to update `requirements.txt` and other managed files to match 2.35.0.
INFO    : Building target web
INFO    : XSL conversion of /workspaces/GameTheoryText/game-theory/source/main.ptx by /root/.ptx/2.35.0/core/xsl/utilities/pretext-enhanced-source.xsl
INFO    : messages from the log for XSL processing:
WARNING : * PTX:WARNING: The "default" style requested in publication/html/css is deprecated. Your book will be built with theme="default-modern". See the PreTeXt Guide for options for the newer HTML themes and their specification .
INFO    : successful application of /root/.ptx/2.35.0/core/xsl/utilities/pretext-enhanced-source.xsl
INFO    : Generating any needed assets.
INFO    : Finished generating assets.

INFO    : Preparing to build into /workspaces/GameTheoryText/game-theory/output/web.
INFO    : discovering source file's directory name: /workspaces/GameTheoryText/game-theory/source
INFO    : verifying and expanding input directory: /workspaces/GameTheoryText/game-theory/source/../generated-assets
INFO    : input directory expanded to absolute path: /workspaces/GameTheoryText/game-theory/generated-assets
INFO    : verifying and expanding input directory: /workspaces/GameTheoryText/game-theory/source/../assets
INFO    : input directory expanded to absolute path: /workspaces/GameTheoryText/game-theory/assets
INFO    : XSL conversion of /workspaces/GameTheoryText/game-theory/source/main.ptx by /root/.ptx/2.35.0/core/xsl/utilities/report-publisher-variables.xsl
INFO    : successful application of /root/.ptx/2.35.0/core/xsl/utilities/report-publisher-variables.xsl
INFO    : Downloading rs services file from https://runestone.academy/cdn/runestone/latest/webpack_static_imports.xml.
INFO    : Runestone Services via online CDN query: version 7.11.9
INFO    : Downloading Runestone Services, version 7.11.9
INFO    : Extracting Runestone Services from archive file
INFO    : Building custom css theme: theme-default-modern
INFO    : converting /workspaces/GameTheoryText/game-theory/source/main.ptx to HTML in /ptx-l3_x2wvw
INFO    : XSL conversion of /workspaces/GameTheoryText/game-theory/source/main.ptx by /root/.ptx/2.35.0/core/xsl/pretext-html.xsl
INFO    : * PTX:INFO:   checking all deprecated elements.
WARNING : * PTX:DEPRECATE: (2023-08-08) a "website" element with "address" and "name" children has changed.  Continue to use the "website" element as before, but replace the "address" and "name" children with a single "url" element, which is more flexible and reliable.  We will try to honor your intent, but you may prefer your own adjustments. (1 time)
INFO    : *              located within: "frontmatter" (xml:id)
INFO    : * --------------
WARNING : * PTX:DEPRECATE: (2024-10-08) elements previously included in a "titlepage" element inside the "frontmatter" (author, editor, credit, date, and event) should now be placed in "frontmatter/bibinfo".  To ensure a title page is created, put only the empty element "titlepage-items" inside "titlepage".  Until you move these elements, we will try to honor your intent. (1 time)
WARNING : * PTX:DEPRECATE: (2024-10-08) elements previously included in a "colophon" element inside the "frontmatter" (credit, copyright, edition, and website) should now be placed in "frontmatter/bibinfo". To produce a "colophon", include only the empty element "colophon-items" inside "colophon" Until you move these elements, we will try to honor your intent. (1 time)
WARNING : * PTX:DEPRECATE: (2024-07-12) the html/css/@style publication file entry has been deprecated for replacement by @theme. See the Guide for theme options.
INFO    : successful application of /root/.ptx/2.35.0/core/xsl/pretext-html.xsl
INFO    : Removing temporary directory /ptx-l3_x2wvw
INFO    : Removing temporary directory /ptx-5p08zcl8
INFO    : 
Finished build for target web. Run `pretext view web` to see the results.

INFO    : 
Success!  Built requested target(s) without errors.

INFO    : 
